com/badlogic/gdx/math/MathUtils.java
com/badlogic/gdx/math/RandomXS128.java
com/badlogic/gdx/utils/Array.java
com/badlogic/gdx/utils/ArrayMap.java
com/badlogic/gdx/utils/AtomicQueue.java
com/badlogic/gdx/utils/BinaryHeap.java
com/badlogic/gdx/utils/Bits.java
com/badlogic/gdx/utils/BooleanArray.java
com/badlogic/gdx/utils/ByteArray.java
com/badlogic/gdx/utils/CharArray.java
com/badlogic/gdx/utils/Collections.java
com/badlogic/gdx/utils/ComparableTimSort.java
com/badlogic/gdx/utils/DelayedRemovalArray.java
com/badlogic/gdx/utils/Disposable.java
com/badlogic/gdx/utils/FloatArray.java
com/badlogic/gdx/utils/FlushablePool.java
com/badlogic/gdx/utils/GdxRuntimeException.java
com/badlogic/gdx/utils/IdentityMap.java
com/badlogic/gdx/utils/IntArray.java
com/badlogic/gdx/utils/IntFloatMap.java
com/badlogic/gdx/utils/IntIntMap.java
com/badlogic/gdx/utils/IntMap.java
com/badlogic/gdx/utils/IntSet.java
com/badlogic/gdx/utils/LongArray.java
com/badlogic/gdx/utils/LongMap.java
com/badlogic/gdx/utils/LongQueue.java
com/badlogic/gdx/utils/Null.java
com/badlogic/gdx/utils/NumberUtils.java
com/badlogic/gdx/utils/ObjectFloatMap.java
com/badlogic/gdx/utils/ObjectIntMap.java
com/badlogic/gdx/utils/ObjectLongMap.java
com/badlogic/gdx/utils/ObjectMap.java
com/badlogic/gdx/utils/ObjectSet.java
com/badlogic/gdx/utils/OrderedMap.java
com/badlogic/gdx/utils/OrderedSet.java
com/badlogic/gdx/utils/Pool.java
com/badlogic/gdx/utils/PooledLinkedList.java
com/badlogic/gdx/utils/Pools.java
com/badlogic/gdx/utils/Predicate.java
com/badlogic/gdx/utils/Queue.java
com/badlogic/gdx/utils/QuickSelect.java
com/badlogic/gdx/utils/ReflectionPool.java
com/badlogic/gdx/utils/Select.java
com/badlogic/gdx/utils/ShortArray.java
com/badlogic/gdx/utils/SnapshotArray.java
com/badlogic/gdx/utils/Sort.java
com/badlogic/gdx/utils/SortedIntList.java
com/badlogic/gdx/utils/TimSort.java
com/badlogic/gdx/utils/TimeUtils.java
com/badlogic/gdx/utils/reflect/Annotation.java
com/badlogic/gdx/utils/reflect/ArrayReflection.java
com/badlogic/gdx/utils/reflect/ClassReflection.java
com/badlogic/gdx/utils/reflect/Constructor.java
com/badlogic/gdx/utils/reflect/Field.java
com/badlogic/gdx/utils/reflect/Method.java
com/badlogic/gdx/utils/reflect/ReflectionException.java
